{
    "MAP_READS maps reads to a reference genome and outputs sorted BAMs -- STAR + SE reads.": {
        "content": [
            {
                "0": [
                    [
                        {
                            "sampleName": "SRR1066657",
                            "sampleNumber": "3",
                            "lane": "001",
                            "readType": "single",
                            "rgFields": {
                                "ID": "SRR1066657.001",
                                "SM": "SRR1066657",
                                "LB": "SRR1066657",
                                "PL": "ILLUMINA"
                            }
                        },
                        "SRR1066657_L001.bam:md5,52fd4eec1980b85d90f2c5e53ede2e70",
                        "SRR1066657_L001.bam.bai:md5,b88dfc9aef03eaa37ce61884dfc7edf1"
                    ],
                    [
                        {
                            "sampleName": "SRR1066657",
                            "sampleNumber": "3",
                            "lane": "002",
                            "readType": "single",
                            "rgFields": {
                                "ID": "SRR1066657.002",
                                "SM": "SRR1066657",
                                "LB": "SRR1066657",
                                "PL": "ILLUMINA"
                            }
                        },
                        "SRR1066657_L002.bam:md5,45d692ba66f500f3925cd762b3222306",
                        "SRR1066657_L002.bam.bai:md5,5912782b78df6afd57cafe4ecf8ac2a3"
                    ]
                ],
                "1": [
                    [
                        {
                            "sampleName": "SRR1066657",
                            "sampleNumber": "3",
                            "readType": "single"
                        },
                        "SRR1066657.bam:md5,a0fe6ff991f9440fee8271b19f0fcc1d",
                        "SRR1066657.bam.bai:md5,708f0b7423153e1df75d8c549a79eadf"
                    ]
                ],
                "2": [
                    [
                        {
                            "sampleName": "SRR1066657",
                            "sampleNumber": "3",
                            "readType": "single"
                        },
                        "SRR1066657.bam:md5,818f1484f97853a425c2cc6f5283b51d"
                    ]
                ],
                "alignmentsIndividualSortedByCoord": [
                    [
                        {
                            "sampleName": "SRR1066657",
                            "sampleNumber": "3",
                            "lane": "001",
                            "readType": "single",
                            "rgFields": {
                                "ID": "SRR1066657.001",
                                "SM": "SRR1066657",
                                "LB": "SRR1066657",
                                "PL": "ILLUMINA"
                            }
                        },
                        "SRR1066657_L001.bam:md5,52fd4eec1980b85d90f2c5e53ede2e70",
                        "SRR1066657_L001.bam.bai:md5,b88dfc9aef03eaa37ce61884dfc7edf1"
                    ],
                    [
                        {
                            "sampleName": "SRR1066657",
                            "sampleNumber": "3",
                            "lane": "002",
                            "readType": "single",
                            "rgFields": {
                                "ID": "SRR1066657.002",
                                "SM": "SRR1066657",
                                "LB": "SRR1066657",
                                "PL": "ILLUMINA"
                            }
                        },
                        "SRR1066657_L002.bam:md5,45d692ba66f500f3925cd762b3222306",
                        "SRR1066657_L002.bam.bai:md5,5912782b78df6afd57cafe4ecf8ac2a3"
                    ]
                ],
                "alignmentsMergedSortedByCoord": [
                    [
                        {
                            "sampleName": "SRR1066657",
                            "sampleNumber": "3",
                            "readType": "single"
                        },
                        "SRR1066657.bam:md5,a0fe6ff991f9440fee8271b19f0fcc1d",
                        "SRR1066657.bam.bai:md5,708f0b7423153e1df75d8c549a79eadf"
                    ]
                ],
                "alignmentsMergedSortedByName": [
                    [
                        {
                            "sampleName": "SRR1066657",
                            "sampleNumber": "3",
                            "readType": "single"
                        },
                        "SRR1066657.bam:md5,818f1484f97853a425c2cc6f5283b51d"
                    ]
                ]
            }
        ],
        "meta": {
            "nf-test": "0.9.0",
            "nextflow": "23.10.1"
        },
        "timestamp": "2024-10-14T13:23:22.572151058"
    },
    "MAP_READS maps reads to a reference genome and outputs sorted BAMs -- bwa-mem2 + SE reads.": {
        "content": [
            {
                "0": [
                    [
                        {
                            "sampleName": "SRR1066657",
                            "sampleNumber": "3",
                            "lane": "001",
                            "readType": "single",
                            "rgFields": {
                                "ID": "SRR1066657.001",
                                "SM": "SRR1066657",
                                "LB": "SRR1066657",
                                "PL": "ILLUMINA"
                            }
                        },
                        "SRR1066657_L001.bam:md5,05abb2339e1cd05aa80cebf35c2f4a88",
                        "SRR1066657_L001.bam.bai:md5,af7546457c6c2a1b8a0945e09c763d84"
                    ],
                    [
                        {
                            "sampleName": "SRR1066657",
                            "sampleNumber": "3",
                            "lane": "002",
                            "readType": "single",
                            "rgFields": {
                                "ID": "SRR1066657.002",
                                "SM": "SRR1066657",
                                "LB": "SRR1066657",
                                "PL": "ILLUMINA"
                            }
                        },
                        "SRR1066657_L002.bam:md5,19590e9db595d2a75483fa6a639f83b4",
                        "SRR1066657_L002.bam.bai:md5,b8acafd02e9e90062b60f409b6ebf15f"
                    ]
                ],
                "1": [
                    [
                        {
                            "sampleName": "SRR1066657",
                            "sampleNumber": "3",
                            "readType": "single"
                        },
                        "SRR1066657.bam:md5,9194dc02884a6de875eb9e3a20bae8be",
                        "SRR1066657.bam.bai:md5,ad22a922eab7c2c199663d1ef3ff9823"
                    ]
                ],
                "2": [
                    [
                        {
                            "sampleName": "SRR1066657",
                            "sampleNumber": "3",
                            "readType": "single"
                        },
                        "SRR1066657.bam:md5,6cb56a94929ed4ee9ec32a8872279738"
                    ]
                ],
                "alignmentsIndividualSortedByCoord": [
                    [
                        {
                            "sampleName": "SRR1066657",
                            "sampleNumber": "3",
                            "lane": "001",
                            "readType": "single",
                            "rgFields": {
                                "ID": "SRR1066657.001",
                                "SM": "SRR1066657",
                                "LB": "SRR1066657",
                                "PL": "ILLUMINA"
                            }
                        },
                        "SRR1066657_L001.bam:md5,05abb2339e1cd05aa80cebf35c2f4a88",
                        "SRR1066657_L001.bam.bai:md5,af7546457c6c2a1b8a0945e09c763d84"
                    ],
                    [
                        {
                            "sampleName": "SRR1066657",
                            "sampleNumber": "3",
                            "lane": "002",
                            "readType": "single",
                            "rgFields": {
                                "ID": "SRR1066657.002",
                                "SM": "SRR1066657",
                                "LB": "SRR1066657",
                                "PL": "ILLUMINA"
                            }
                        },
                        "SRR1066657_L002.bam:md5,19590e9db595d2a75483fa6a639f83b4",
                        "SRR1066657_L002.bam.bai:md5,b8acafd02e9e90062b60f409b6ebf15f"
                    ]
                ],
                "alignmentsMergedSortedByCoord": [
                    [
                        {
                            "sampleName": "SRR1066657",
                            "sampleNumber": "3",
                            "readType": "single"
                        },
                        "SRR1066657.bam:md5,9194dc02884a6de875eb9e3a20bae8be",
                        "SRR1066657.bam.bai:md5,ad22a922eab7c2c199663d1ef3ff9823"
                    ]
                ],
                "alignmentsMergedSortedByName": [
                    [
                        {
                            "sampleName": "SRR1066657",
                            "sampleNumber": "3",
                            "readType": "single"
                        },
                        "SRR1066657.bam:md5,6cb56a94929ed4ee9ec32a8872279738"
                    ]
                ]
            }
        ],
        "meta": {
            "nf-test": "0.9.0",
            "nextflow": "23.10.1"
        },
        "timestamp": "2024-04-02T10:19:05.063904655"
    },
    "MAP_READS maps reads to a reference genome and outputs sorted BAMs -- bwa-mem2 + PE reads.": {
        "content": [
            {
                "0": [
                    [
                        {
                            "sampleName": "SRR6924569",
                            "sampleNumber": "1",
                            "lane": "001",
                            "readType": "paired",
                            "rgFields": {
                                "ID": "SRR6924569.001",
                                "SM": "SRR6924569",
                                "LB": "SRR6924569",
                                "PL": "ILLUMINA"
                            }
                        },
                        "SRR6924569_L001.bam:md5,010622c556084fd5288512eec44a10bf",
                        "SRR6924569_L001.bam.bai:md5,1e9ba5912083c49a1cd61a4556b3b7e4"
                    ],
                    [
                        {
                            "sampleName": "SRR6924569",
                            "sampleNumber": "1",
                            "lane": "002",
                            "readType": "paired",
                            "rgFields": {
                                "ID": "SRR6924569.002",
                                "SM": "SRR6924569",
                                "LB": "SRR6924569",
                                "PL": "ILLUMINA"
                            }
                        },
                        "SRR6924569_L002.bam:md5,a65249a37b0d3470314db759c456dc31",
                        "SRR6924569_L002.bam.bai:md5,70e5ded34544598a2f21ca31ad56179b"
                    ]
                ],
                "1": [
                    [
                        {
                            "sampleName": "SRR6924569",
                            "sampleNumber": "1",
                            "readType": "paired"
                        },
                        "SRR6924569.bam:md5,169583c35d370dd9795db39204a60593",
                        "SRR6924569.bam.bai:md5,d52a9783ad6d6bdf7f52c5d5193ebbac"
                    ]
                ],
                "2": [
                    [
                        {
                            "sampleName": "SRR6924569",
                            "sampleNumber": "1",
                            "readType": "paired"
                        },
                        "SRR6924569.bam:md5,867d318141fb891cf7f11af277b5ce5f"
                    ]
                ],
                "alignmentsIndividualSortedByCoord": [
                    [
                        {
                            "sampleName": "SRR6924569",
                            "sampleNumber": "1",
                            "lane": "001",
                            "readType": "paired",
                            "rgFields": {
                                "ID": "SRR6924569.001",
                                "SM": "SRR6924569",
                                "LB": "SRR6924569",
                                "PL": "ILLUMINA"
                            }
                        },
                        "SRR6924569_L001.bam:md5,010622c556084fd5288512eec44a10bf",
                        "SRR6924569_L001.bam.bai:md5,1e9ba5912083c49a1cd61a4556b3b7e4"
                    ],
                    [
                        {
                            "sampleName": "SRR6924569",
                            "sampleNumber": "1",
                            "lane": "002",
                            "readType": "paired",
                            "rgFields": {
                                "ID": "SRR6924569.002",
                                "SM": "SRR6924569",
                                "LB": "SRR6924569",
                                "PL": "ILLUMINA"
                            }
                        },
                        "SRR6924569_L002.bam:md5,a65249a37b0d3470314db759c456dc31",
                        "SRR6924569_L002.bam.bai:md5,70e5ded34544598a2f21ca31ad56179b"
                    ]
                ],
                "alignmentsMergedSortedByCoord": [
                    [
                        {
                            "sampleName": "SRR6924569",
                            "sampleNumber": "1",
                            "readType": "paired"
                        },
                        "SRR6924569.bam:md5,169583c35d370dd9795db39204a60593",
                        "SRR6924569.bam.bai:md5,d52a9783ad6d6bdf7f52c5d5193ebbac"
                    ]
                ],
                "alignmentsMergedSortedByName": [
                    [
                        {
                            "sampleName": "SRR6924569",
                            "sampleNumber": "1",
                            "readType": "paired"
                        },
                        "SRR6924569.bam:md5,867d318141fb891cf7f11af277b5ce5f"
                    ]
                ]
            }
        ],
        "meta": {
            "nf-test": "0.9.0",
            "nextflow": "23.10.1"
        },
        "timestamp": "2024-04-02T10:19:34.770717278"
    },
    "MAP_READS maps reads to a reference genome and outputs sorted BAMs -- STAR + PE reads.": {
        "content": [
            {
                "0": [
                    [
                        {
                            "sampleName": "SRR6924569",
                            "sampleNumber": "1",
                            "lane": "001",
                            "readType": "paired",
                            "rgFields": {
                                "ID": "SRR6924569.001",
                                "SM": "SRR6924569",
                                "LB": "SRR6924569",
                                "PL": "ILLUMINA"
                            }
                        },
                        "SRR6924569_L001.bam:md5,f668f0165b11dcfdc1b77f30e49c18e0",
                        "SRR6924569_L001.bam.bai:md5,92c89667958a43cff6214ad001c34295"
                    ],
                    [
                        {
                            "sampleName": "SRR6924569",
                            "sampleNumber": "1",
                            "lane": "002",
                            "readType": "paired",
                            "rgFields": {
                                "ID": "SRR6924569.002",
                                "SM": "SRR6924569",
                                "LB": "SRR6924569",
                                "PL": "ILLUMINA"
                            }
                        },
                        "SRR6924569_L002.bam:md5,a72ec9b11095615109c53edf85fc8f99",
                        "SRR6924569_L002.bam.bai:md5,9d00b0227b3fddfcedb27ee378626a43"
                    ]
                ],
                "1": [
                    [
                        {
                            "sampleName": "SRR6924569",
                            "sampleNumber": "1",
                            "readType": "paired"
                        },
                        "SRR6924569.bam:md5,46ec4fa7aeb200d7728634eee26c05d3",
                        "SRR6924569.bam.bai:md5,9a8c6eefb8e6862504251178188d746e"
                    ]
                ],
                "2": [
                    [
                        {
                            "sampleName": "SRR6924569",
                            "sampleNumber": "1",
                            "readType": "paired"
                        },
                        "SRR6924569.bam:md5,1783acbc678063053294393e96555301"
                    ]
                ],
                "alignmentsIndividualSortedByCoord": [
                    [
                        {
                            "sampleName": "SRR6924569",
                            "sampleNumber": "1",
                            "lane": "001",
                            "readType": "paired",
                            "rgFields": {
                                "ID": "SRR6924569.001",
                                "SM": "SRR6924569",
                                "LB": "SRR6924569",
                                "PL": "ILLUMINA"
                            }
                        },
                        "SRR6924569_L001.bam:md5,f668f0165b11dcfdc1b77f30e49c18e0",
                        "SRR6924569_L001.bam.bai:md5,92c89667958a43cff6214ad001c34295"
                    ],
                    [
                        {
                            "sampleName": "SRR6924569",
                            "sampleNumber": "1",
                            "lane": "002",
                            "readType": "paired",
                            "rgFields": {
                                "ID": "SRR6924569.002",
                                "SM": "SRR6924569",
                                "LB": "SRR6924569",
                                "PL": "ILLUMINA"
                            }
                        },
                        "SRR6924569_L002.bam:md5,a72ec9b11095615109c53edf85fc8f99",
                        "SRR6924569_L002.bam.bai:md5,9d00b0227b3fddfcedb27ee378626a43"
                    ]
                ],
                "alignmentsMergedSortedByCoord": [
                    [
                        {
                            "sampleName": "SRR6924569",
                            "sampleNumber": "1",
                            "readType": "paired"
                        },
                        "SRR6924569.bam:md5,46ec4fa7aeb200d7728634eee26c05d3",
                        "SRR6924569.bam.bai:md5,9a8c6eefb8e6862504251178188d746e"
                    ]
                ],
                "alignmentsMergedSortedByName": [
                    [
                        {
                            "sampleName": "SRR6924569",
                            "sampleNumber": "1",
                            "readType": "paired"
                        },
                        "SRR6924569.bam:md5,1783acbc678063053294393e96555301"
                    ]
                ]
            }
        ],
        "meta": {
            "nf-test": "0.9.0",
            "nextflow": "23.10.1"
        },
        "timestamp": "2024-10-14T13:27:17.097652102"
    }
}